w - Initializing abstract entity class.
w - Initializing base entity class.
w - Initializing entity class.
w - Initializing logical entity class.
w - Initializing visual entity class.
w - Initializing abstract grid entity class.
w - Initializing abstract entity class.
w - Initializing base entity class.
w - Initializing entity class.
w - Initializing logical entity class.
w - Initializing visual entity class.
w - Initializing abstract grid entity class.
w - Initializing abstract entity class.
w - Initializing base entity class.
w - Initializing entity class.
w - Initializing logical entity class.
w - Initializing visual entity class.
w - Initializing abstract grid entity class.
w - Initializing abstract entity class.
w - Initializing base entity class.
w - Initializing entity class.
w - Initializing logical entity class.
w - Initializing visual entity class.
w - Initializing abstract grid entity class.
w - Initializing grid entity [UNNAMED].
w - Instantiating logical entity UNNAMED.
w - [UNNAMED] Finding initial cell.
w - [UNNAMED] Initial cell: ao00097(66, 96)
w - [UNNAMED] Occupying init cell - ao00097.
w - Initializing abstract entity class.
w - Initializing base entity class.
w - Initializing entity class.
w - Initializing logical entity class.
w - Initializing visual entity class.
w - Initializing abstract grid entity class.
w - Initializing abstract entity class.
w - Initializing base entity class.
w - Initializing entity class.
w - Initializing logical entity class.
w - Initializing visual entity class.
w - Initializing abstract grid entity class.
w - Initializing grid entity [UNNAMED].
w - Instantiating logical entity UNNAMED.
w - [UNNAMED] Finding initial cell.
w - [UNNAMED] Initial cell: ep00216(171, 215)
w - [UNNAMED] Occupying init cell - ep00216.
w - Initializing abstract entity class.
w - Initializing base entity class.
w - Initializing entity class.
w - Initializing logical entity class.
w - Initializing visual entity class.
w - Initializing abstract grid entity class.
w - Initializing grid entity [UNNAMED].
w - Instantiating logical entity UNNAMED.
w - [UNNAMED] Finding initial cell.
w - [UNNAMED] Initial cell: af00180(57, 179)
w - [UNNAMED] Occupying init cell - af00180.
w - Initializing abstract entity class.
w - Initializing base entity class.
w - Initializing entity class.
w - Initializing logical entity class.
w - Initializing visual entity class.
w - Initializing abstract grid entity class.
w - Initializing grid entity [UNNAMED].
w - Instantiating logical entity UNNAMED.
w - [UNNAMED] Finding initial cell.
w - [UNNAMED] Initial cell: cj00217(113, 216)
w - [UNNAMED] Occupying init cell - cj00217.
w - Initializing abstract entity class.
w - Initializing base entity class.
w - Initializing entity class.
w - Initializing logical entity class.
w - Initializing visual entity class.
w - Initializing abstract grid entity class.
w - Initializing grid entity [UNNAMED].
w - Instantiating logical entity UNNAMED.
w - [UNNAMED] Finding initial cell.
w - [UNNAMED] Initial cell: ex00246(179, 245)
w - [UNNAMED] Occupying init cell - ex00246.
w - Initializing abstract entity class.
w - Initializing base entity class.
w - Initializing entity class.
w - Initializing logical entity class.
w - Initializing visual entity class.
w - Initializing abstract grid entity class.
w - Initializing grid entity [UNNAMED].
w - Instantiating logical entity UNNAMED.
w - [UNNAMED] Finding initial cell.
w - [UNNAMED] Initial cell: hh00005(241, 4)
w - [UNNAMED] Occupying init cell - hh00005.
w - Initializing abstract entity class.
w - Initializing base entity class.
w - Initializing entity class.
w - Initializing logical entity class.
w - Initializing visual entity class.
w - Initializing abstract grid entity class.
w - Initializing grid entity [UNNAMED].
w - Instantiating logical entity UNNAMED.
w - [UNNAMED] Finding initial cell.
w - [UNNAMED] Initial cell: fw00141(204, 140)
w - [UNNAMED] Occupying init cell - fw00141.
w - Initializing abstract entity class.
w - Initializing base entity class.
w - Initializing entity class.
w - Initializing logical entity class.
w - Initializing visual entity class.
w - Initializing abstract grid entity class.
w - Initializing grid entity [UNNAMED].
w - Instantiating logical entity UNNAMED.
w - [UNNAMED] Finding initial cell.
w - [UNNAMED] Initial cell: eu00165(176, 164)
w - [UNNAMED] Occupying init cell - eu00165.
w - Initializing grid entity [UNNAMED].
w - Instantiating logical entity UNNAMED.
w - [UNNAMED] Finding initial cell.
w - [UNNAMED] Initial cell: ao00107(66, 106)
w - [UNNAMED] Occupying init cell - ao00107.
w - Initializing abstract entity class.
w - Initializing base entity class.
w - Initializing entity class.
w - Initializing logical entity class.
w - Initializing visual entity class.
w - Initializing abstract grid entity class.
w - Initializing grid entity [UNNAMED].
w - Instantiating logical entity UNNAMED.
w - [UNNAMED] Finding initial cell.
w - [UNNAMED] Initial cell: by00169(102, 168)
w - [UNNAMED] Occupying init cell - by00169.
w - Initializing abstract entity class.
w - Initializing base entity class.
w - Initializing entity class.
w - Initializing logical entity class.
w - Initializing visual entity class.
w - Initializing abstract grid entity class.
w - Initializing grid entity [UNNAMED].
w - Instantiating logical entity UNNAMED.
w - [UNNAMED] Finding initial cell.
w - [UNNAMED] Initial cell: m00082(12, 81)
w - [UNNAMED] Occupying init cell - m00082.
w - Initializing abstract entity class.
w - Initializing base entity class.
w - Initializing entity class.
w - Initializing logical entity class.
w - Initializing visual entity class.
w - Initializing abstract grid entity class.
w - Initializing grid entity [UNNAMED].
w - Instantiating logical entity UNNAMED.
w - [UNNAMED] Finding initial cell.
w - [UNNAMED] Initial cell: bw00008(100, 7)
w - [UNNAMED] Occupying init cell - bw00008.
w - Initializing abstract entity class.
w - Initializing base entity class.
w - Initializing entity class.
w - Initializing logical entity class.
w - Initializing visual entity class.
w - Initializing abstract grid entity class.
w - Initializing grid entity [UNNAMED].
w - Instantiating logical entity UNNAMED.
w - [UNNAMED] Finding initial cell.
w - [UNNAMED] Initial cell: j00135(9, 134)
w - [UNNAMED] Occupying init cell - j00135.
w - Initializing abstract entity class.
w - Initializing base entity class.
w - Initializing entity class.
w - Initializing logical entity class.
w - Initializing visual entity class.
w - Initializing abstract grid entity class.
w - Initializing grid entity [UNNAMED].
w - Instantiating logical entity UNNAMED.
w - [UNNAMED] Finding initial cell.
w - [UNNAMED] Initial cell: br00240(95, 239)
w - [UNNAMED] Occupying init cell - br00240.
w - Initializing abstract entity class.
w - Initializing base entity class.
w - Initializing entity class.
w - Initializing logical entity class.
w - Initializing visual entity class.
w - Initializing abstract grid entity class.
w - Initializing grid entity [UNNAMED].
w - Instantiating logical entity UNNAMED.
w - [UNNAMED] Finding initial cell.
w - [UNNAMED] Initial cell: gq00196(224, 195)
w - [UNNAMED] Occupying init cell - gq00196.
w - Initializing abstract entity class.
w - Initializing base entity class.
w - Initializing entity class.
w - Initializing logical entity class.
w - Initializing visual entity class.
w - Initializing abstract grid entity class.
w - Initializing grid entity [UNNAMED].
w - Instantiating logical entity UNNAMED.
w - [UNNAMED] Finding initial cell.
w - [UNNAMED] Initial cell: dt00136(149, 135)
w - [UNNAMED] Occupying init cell - dt00136.
w - Initializing abstract entity class.
w - Initializing base entity class.
w - Initializing entity class.
w - Initializing logical entity class.
w - Initializing visual entity class.
w - Initializing abstract grid entity class.
w - Initializing abstract entity class.
w - Initializing base entity class.
w - Initializing entity class.
w - Initializing logical entity class.
w - Initializing visual entity class.
w - Initializing abstract grid entity class.
w - Initializing abstract entity class.
w - Initializing base entity class.
w - Initializing entity class.
w - Initializing logical entity class.
w - Initializing visual entity class.
w - Initializing abstract grid entity class.
w - Initializing abstract entity class.
w - Initializing base entity class.
w - Initializing entity class.
w - Initializing logical entity class.
w - Initializing visual entity class.
w - Initializing abstract grid entity class.
w - Initializing grid entity [UNNAMED].
w - Instantiating logical entity UNNAMED.
w - [UNNAMED] Finding initial cell.
w - [UNNAMED] Initial cell: cf00117(109, 116)
w - [UNNAMED] Occupying init cell - cf00117.
w - Initializing abstract entity class.
w - Initializing base entity class.
w - Initializing entity class.
w - Initializing logical entity class.
w - Initializing visual entity class.
w - Initializing abstract grid entity class.
w - Initializing abstract entity class.
w - Initializing base entity class.
w - Initializing entity class.
w - Initializing logical entity class.
w - Initializing visual entity class.
w - Initializing abstract grid entity class.
w - Initializing abstract entity class.
w - Initializing base entity class.
w - Initializing entity class.
w - Initializing logical entity class.
w - Initializing visual entity class.
w - Initializing abstract grid entity class.
w - Initializing abstract entity class.
w - Initializing base entity class.
w - Initializing entity class.
w - Initializing logical entity class.
w - Initializing visual entity class.
w - Initializing abstract grid entity class.
w - Initializing abstract entity class.
w - Initializing base entity class.
w - Initializing entity class.
w - Initializing logical entity class.
w - Initializing visual entity class.
w - Initializing abstract grid entity class.
w - Initializing abstract entity class.
w - Initializing base entity class.
w - Initializing entity class.
w - Initializing logical entity class.
w - Initializing visual entity class.
w - Initializing abstract grid entity class.
w - Initializing abstract entity class.
w - Initializing base entity class.
w - Initializing entity class.
w - Initializing logical entity class.
w - Initializing visual entity class.
w - Initializing abstract grid entity class.
w - Initializing abstract entity class.
w - Initializing base entity class.
w - Initializing entity class.
w - Initializing logical entity class.
w - Initializing visual entity class.
w - Initializing abstract grid entity class.
w - Initializing abstract entity class.
w - Initializing base entity class.
w - Initializing entity class.
w - Initializing logical entity class.
w - Initializing visual entity class.
w - Initializing abstract grid entity class.
w - Initializing abstract entity class.
w - Initializing base entity class.
w - Initializing entity class.
w - Initializing logical entity class.
w - Initializing visual entity class.
w - Initializing abstract grid entity class.
w - Initializing abstract entity class.
w - Initializing base entity class.
w - Initializing entity class.
w - Initializing logical entity class.
w - Initializing visual entity class.
w - Initializing abstract grid entity class.
w - Initializing abstract entity class.
w - Initializing base entity class.
w - Initializing entity class.
w - Initializing logical entity class.
w - Initializing visual entity class.
w - Initializing abstract grid entity class.
w - Initializing abstract entity class.
w - Initializing base entity class.
w - Initializing entity class.
w - Initializing logical entity class.
w - Initializing visual entity class.
w - Initializing abstract grid entity class.
w - Initializing abstract entity class.
w - Initializing base entity class.
w - Initializing entity class.
w - Initializing logical entity class.
w - Initializing visual entity class.
w - Initializing abstract grid entity class.
w - Initializing abstract entity class.
w - Initializing base entity class.
w - Initializing entity class.
w - Initializing logical entity class.
w - Initializing visual entity class.
w - Initializing abstract grid entity class.
w - Initializing abstract entity class.
w - Initializing base entity class.
w - Initializing entity class.
w - Initializing logical entity class.
w - Initializing visual entity class.
w - Initializing abstract grid entity class.
w - Initializing abstract entity class.
w - Initializing base entity class.
w - Initializing entity class.
w - Initializing logical entity class.
w - Initializing visual entity class.
w - Initializing abstract grid entity class.
w - Initializing abstract entity class.
w - Initializing base entity class.
w - Initializing entity class.
w - Initializing logical entity class.
w - Initializing visual entity class.
w - Initializing abstract grid entity class.
w - Initializing abstract entity class.
w - Initializing base entity class.
w - Initializing entity class.
w - Initializing logical entity class.
w - Initializing visual entity class.
w - Initializing abstract grid entity class.
w - Initializing abstract entity class.
w - Initializing base entity class.
w - Initializing entity class.
w - Initializing logical entity class.
w - Initializing visual entity class.
w - Initializing abstract grid entity class.
w - Initializing abstract entity class.
w - Initializing base entity class.
w - Initializing entity class.
w - Initializing logical entity class.
w - Initializing visual entity class.
w - Initializing abstract grid entity class.
w - Initializing abstract entity class.
w - Initializing base entity class.
w - Initializing entity class.
w - Initializing logical entity class.
w - Initializing visual entity class.
w - Initializing abstract grid entity class.
w - Initializing abstract entity class.
w - Initializing base entity class.
w - Initializing entity class.
w - Initializing logical entity class.
w - Initializing visual entity class.
w - Initializing abstract grid entity class.
w - Initializing abstract entity class.
w - Initializing base entity class.
w - Initializing entity class.
w - Initializing logical entity class.
w - Initializing visual entity class.
w - Initializing abstract grid entity class.
w - Initializing abstract entity class.
w - Initializing base entity class.
w - Initializing entity class.
w - Initializing logical entity class.
w - Initializing visual entity class.
w - Initializing abstract grid entity class.
w - Initializing abstract entity class.
w - Initializing base entity class.
w - Initializing entity class.
w - Initializing logical entity class.
w - Initializing visual entity class.
w - Initializing abstract grid entity class.
w - Initializing abstract entity class.
w - Initializing base entity class.
w - Initializing entity class.
w - Initializing logical entity class.
w - Initializing visual entity class.
w - Initializing abstract grid entity class.
w - Initializing abstract entity class.
w - Initializing base entity class.
w - Initializing entity class.
w - Initializing logical entity class.
w - Initializing visual entity class.
w - Initializing abstract grid entity class.
w - Initializing abstract entity class.
w - Initializing base entity class.
w - Initializing entity class.
w - Initializing logical entity class.
w - Initializing visual entity class.
w - Initializing abstract grid entity class.
w - Initializing abstract entity class.
w - Initializing base entity class.
w - Initializing entity class.
w - Initializing logical entity class.
w - Initializing visual entity class.
w - Initializing abstract grid entity class.
w - Initializing abstract entity class.
w - Initializing base entity class.
w - Initializing entity class.
w - Initializing logical entity class.
w - Initializing visual entity class.
w - Initializing abstract grid entity class.
w - Initializing grid entity [UNNAMED].
w - Instantiating logical entity UNNAMED.
w - [UNNAMED] Finding initial cell.
w - [UNNAMED] Initial cell: na00435(390, 434)
w - [UNNAMED] Occupying init cell - na00435.
w - Initializing abstract entity class.
w - Initializing base entity class.
w - Initializing entity class.
w - Initializing logical entity class.
w - Initializing visual entity class.
w - Initializing abstract grid entity class.
w - Initializing grid entity [UNNAMED].
w - Instantiating logical entity UNNAMED.
w - [UNNAMED] Finding initial cell.
w - [UNNAMED] Initial cell: ef00002(161, 1)
w - [UNNAMED] Occupying init cell - ef00002.
w - Initializing abstract entity class.
w - Initializing base entity class.
w - Initializing entity class.
w - Initializing logical entity class.
w - Initializing visual entity class.
w - Initializing abstract grid entity class.
w - Initializing grid entity [UNNAMED].
w - Instantiating logical entity UNNAMED.
w - [UNNAMED] Finding initial cell.
w - [UNNAMED] Initial cell: mh00479(371, 478)
w - [UNNAMED] Occupying init cell - mh00479.
w - Initializing abstract entity class.
w - Initializing base entity class.
w - Initializing entity class.
w - Initializing logical entity class.
w - Initializing visual entity class.
w - Initializing abstract grid entity class.
w - Initializing abstract entity class.
w - Initializing base entity class.
w - Initializing entity class.
w - Initializing logical entity class.
w - Initializing visual entity class.
w - Initializing abstract grid entity class.
w - Initializing grid entity [UNNAMED].
w - Instantiating logical entity UNNAMED.
w - [UNNAMED] Finding initial cell.
w - [UNNAMED] Initial cell: mz00183(389, 182)
w - [UNNAMED] Occupying init cell - mz00183.
w - Initializing abstract entity class.
w - Initializing base entity class.
w - Initializing entity class.
w - Initializing logical entity class.
w - Initializing visual entity class.
w - Initializing abstract grid entity class.
w - Initializing abstract entity class.
w - Initializing base entity class.
w - Initializing entity class.
w - Initializing logical entity class.
w - Initializing visual entity class.
w - Initializing abstract grid entity class.
w - Initializing grid entity [UNNAMED].
w - Instantiating logical entity UNNAMED.
w - [UNNAMED] Finding initial cell.
w - [UNNAMED] Initial cell: lc00243(340, 242)
w - [UNNAMED] Occupying init cell - lc00243.
w - Initializing abstract entity class.
w - Initializing base entity class.
w - Initializing entity class.
w - Initializing logical entity class.
w - Initializing visual entity class.
w - Initializing abstract grid entity class.
w - Initializing grid entity [UNNAMED].
w - Instantiating logical entity UNNAMED.
w - [UNNAMED] Finding initial cell.
w - [UNNAMED] Initial cell: mo00346(378, 345)
w - [UNNAMED] Occupying init cell - mo00346.
w - [UNNAMED] MOVING IN DIRECTION: up
w - [UNNAMED] VACATING CELL: mo00346(378, 345)
w - Initializing abstract entity class.
w - Initializing base entity class.
w - Initializing entity class.
w - Initializing logical entity class.
w - Initializing visual entity class.
w - Initializing abstract grid entity class.
w - Initializing grid entity [UNNAMED].
w - Instantiating logical entity UNNAMED.
w - [UNNAMED] Finding initial cell.
w - [UNNAMED] Initial cell: E00371(30, 370)
w - [UNNAMED] Occupying init cell - E00371.
w - [UNNAMED] MOVING IN DIRECTION: up
w - [UNNAMED] VACATING CELL: E00371(30, 370)
w - [UNNAMED] OCCUPYING CELL: E00372(30, 371)
w - [UNNAMED] MOVING IN DIRECTION: up
w - [UNNAMED] VACATING CELL: E00372(30, 371)
w - [UNNAMED] OCCUPYING CELL: E00373(30, 372)
w - Initializing abstract entity class.
w - Initializing base entity class.
w - Initializing entity class.
w - Initializing logical entity class.
w - Initializing visual entity class.
w - Initializing abstract grid entity class.
w - Initializing grid entity [UNNAMED].
w - Instantiating logical entity UNNAMED.
w - [UNNAMED] Finding initial cell.
w - [UNNAMED] Initial cell: pl00152(453, 151)
w - [UNNAMED] Occupying init cell - pl00152.
w - [UNNAMED] MOVING IN DIRECTION: up
w - [UNNAMED] VACATING CELL: pl00152(453, 151)
w - [UNNAMED] OCCUPYING CELL: pl00153(453, 152)
w - Initializing abstract entity class.
w - Initializing base entity class.
w - Initializing entity class.
w - Initializing logical entity class.
w - Initializing visual entity class.
w - Initializing abstract grid entity class.
w - Initializing grid entity [UNNAMED].
w - Instantiating logical entity UNNAMED.
w - [UNNAMED] Finding initial cell.
w - [UNNAMED] Initial cell: mw00452(386, 451)
w - [UNNAMED] Occupying init cell - mw00452.
w - [UNNAMED] MOVING IN DIRECTION: up
w - [UNNAMED] VACATING CELL: mw00452(386, 451)
w - [UNNAMED] OCCUPYING CELL: mw00453(386, 452)
w - [UNNAMED] MOVING IN DIRECTION: up
w - [UNNAMED] VACATING CELL: mw00453(386, 452)
w - [UNNAMED] OCCUPYING CELL: mw00454(386, 453)
w - [UNNAMED] MOVING IN DIRECTION: up
w - [UNNAMED] VACATING CELL: mw00454(386, 453)
w - [UNNAMED] OCCUPYING CELL: mw00455(386, 454)
w - [UNNAMED] MOVING IN DIRECTION: up
w - [UNNAMED] VACATING CELL: mw00455(386, 454)
w - [UNNAMED] OCCUPYING CELL: mw00456(386, 455)
w - [UNNAMED] MOVING IN DIRECTION: up
w - [UNNAMED] VACATING CELL: mw00456(386, 455)
w - [UNNAMED] OCCUPYING CELL: mw00457(386, 456)
w - [UNNAMED] MOVING IN DIRECTION: up
w - [UNNAMED] VACATING CELL: mw00457(386, 456)
w - [UNNAMED] OCCUPYING CELL: mw00458(386, 457)
w - [UNNAMED] MOVING IN DIRECTION: up
w - Initializing abstract entity class.
w - Initializing base entity class.
w - Initializing entity class.
w - Initializing logical entity class.
w - Initializing visual entity class.
w - Initializing abstract grid entity class.
w - Initializing grid entity [UNNAMED].
w - Instantiating logical entity UNNAMED.
w - [UNNAMED] Finding initial cell.
w - [UNNAMED] Initial cell: j00161(9, 160)
w - [UNNAMED] Occupying init cell - j00161.
w - [UNNAMED] MOVING IN DIRECTION: up
w - [UNNAMED] VACATING CELL: j00161(9, 160)
w - [UNNAMED] OCCUPYING CELL: j00162(9, 161)
w - [UNNAMED] MOVING IN DIRECTION: up
w - [UNNAMED] VACATING CELL: j00162(9, 161)
w - [UNNAMED] OCCUPYING CELL: j00163(9, 162)
w - [UNNAMED] MOVING IN DIRECTION: up
w - [UNNAMED] VACATING CELL: j00163(9, 162)
w - [UNNAMED] OCCUPYING CELL: j00164(9, 163)
w - [UNNAMED] MOVING IN DIRECTION: up
w - [UNNAMED] VACATING CELL: j00164(9, 163)
w - [UNNAMED] OCCUPYING CELL: j00165(9, 164)
w - [UNNAMED] MOVING IN DIRECTION: up
w - [UNNAMED] MOVING IN DIRECTION: up
w - Initializing abstract entity class.
w - Initializing base entity class.
w - Initializing entity class.
w - Initializing logical entity class.
w - Initializing visual entity class.
w - Initializing abstract grid entity class.
w - Initializing grid entity [UNNAMED].
w - Instantiating logical entity UNNAMED.
w - [UNNAMED] Finding initial cell.
w - [UNNAMED] Initial cell: y00473(24, 472)
w - [UNNAMED] Occupying init cell - y00473.
w - Initializing abstract entity class.
w - Initializing base entity class.
w - Initializing entity class.
w - Initializing logical entity class.
w - Initializing visual entity class.
w - Initializing abstract grid entity class.
w - Initializing abstract entity class.
w - Initializing base entity class.
w - Initializing entity class.
w - Initializing logical entity class.
w - Initializing visual entity class.
w - Initializing abstract grid entity class.
w - Initializing grid entity [UNNAMED].
w - Instantiating logical entity UNNAMED.
w - [UNNAMED] Finding initial cell.
w - [UNNAMED] Initial cell: fz00422(207, 421)
w - [UNNAMED] Occupying init cell - fz00422.
w - [UNNAMED] MOVING IN DIRECTION: up
w - [UNNAMED] VACATING CELL: fz00422(207, 421)
w - [UNNAMED] OCCUPYING CELL: fz00423(207, 422)
w - [UNNAMED] MOVING IN DIRECTION: up
w - [UNNAMED] VACATING CELL: fz00423(207, 422)
w - [UNNAMED] OCCUPYING CELL: fz00424(207, 423)
w - [UNNAMED] MOVING IN DIRECTION: up
w - [UNNAMED] VACATING CELL: fz00424(207, 423)
w - [UNNAMED] OCCUPYING CELL: fz00425(207, 424)
w - [UNNAMED] MOVING IN DIRECTION: up
w - [UNNAMED] VACATING CELL: fz00425(207, 424)
w - [UNNAMED] OCCUPYING CELL: fz00426(207, 425)
w - [UNNAMED] MOVING IN DIRECTION: up
w - Initializing abstract entity class.
w - Initializing base entity class.
w - Initializing entity class.
w - Initializing logical entity class.
w - Initializing visual entity class.
w - Initializing abstract grid entity class.
w - Initializing grid entity [UNNAMED].
w - Instantiating logical entity UNNAMED.
w - [UNNAMED] Finding initial cell.
w - [UNNAMED] Initial cell: iq00044(276, 43)
w - [UNNAMED] Occupying init cell - iq00044.
w - [UNNAMED] MOVING IN DIRECTION: up
w - [UNNAMED] VACATING CELL: iq00044(276, 43)
w - [UNNAMED] OCCUPYING CELL: iq00045(276, 44)
w - [UNNAMED] MOVING IN DIRECTION: up
w - [UNNAMED] VACATING CELL: iq00045(276, 44)
w - [UNNAMED] OCCUPYING CELL: iq00046(276, 45)
w - [UNNAMED] MOVING IN DIRECTION: up
w - [UNNAMED] VACATING CELL: iq00046(276, 45)
w - [UNNAMED] OCCUPYING CELL: iq00047(276, 46)
w - [UNNAMED] MOVING IN DIRECTION: up
w - [UNNAMED] VACATING CELL: iq00047(276, 46)
w - [UNNAMED] OCCUPYING CELL: iq00048(276, 47)
w - [UNNAMED] MOVING IN DIRECTION: up
w - [UNNAMED] MOVING IN DIRECTION: up
w - Initializing abstract entity class.
w - Initializing base entity class.
w - Initializing entity class.
w - Initializing logical entity class.
w - Initializing visual entity class.
w - Initializing abstract grid entity class.
w - Initializing grid entity [UNNAMED].
w - Instantiating logical entity UNNAMED.
w - [UNNAMED] Finding initial cell.
w - [UNNAMED] Initial cell: ij00258(269, 257)
w - [UNNAMED] Occupying init cell - ij00258.
w - [UNNAMED] MOVING IN DIRECTION: up
w - [UNNAMED] VACATING CELL: ij00258(269, 257)
w - [UNNAMED] OCCUPYING CELL: ij00259(269, 258)
w - [UNNAMED] MOVING IN DIRECTION: up
w - [UNNAMED] VACATING CELL: ij00259(269, 258)
w - [UNNAMED] OCCUPYING CELL: ij00260(269, 259)
w - [UNNAMED] MOVING IN DIRECTION: up
w - [UNNAMED] VACATING CELL: ij00260(269, 259)
w - [UNNAMED] OCCUPYING CELL: ij00261(269, 260)
w - [UNNAMED] MOVING IN DIRECTION: up
w - [UNNAMED] VACATING CELL: ij00261(269, 260)
w - [UNNAMED] OCCUPYING CELL: ij00262(269, 261)
w - [UNNAMED] MOVING IN DIRECTION: up
w - Initializing abstract entity class.
w - Initializing base entity class.
w - Initializing entity class.
w - Initializing logical entity class.
w - Initializing visual entity class.
w - Initializing abstract grid entity class.
w - Initializing grid entity [UNNAMED].
w - Instantiating logical entity UNNAMED.
w - [UNNAMED] Finding initial cell.
w - [UNNAMED] Initial cell: D00349(29, 348)
w - [UNNAMED] Occupying init cell - D00349.
w - Initializing abstract entity class.
w - Initializing base entity class.
w - Initializing entity class.
w - Initializing logical entity class.
w - Initializing visual entity class.
w - Initializing abstract grid entity class.
w - Initializing grid entity [UNNAMED].
w - Instantiating logical entity UNNAMED.
w - [UNNAMED] Finding initial cell.
w - [UNNAMED] Initial cell: by00303(102, 302)
w - [UNNAMED] Occupying init cell - by00303.
w - [UNNAMED] MOVING IN DIRECTION: up
w - [UNNAMED] VACATING CELL: by00303(102, 302)
w - [UNNAMED] OCCUPYING CELL: by00304(102, 303)
w - [UNNAMED] MOVING IN DIRECTION: up
w - [UNNAMED] VACATING CELL: by00304(102, 303)
w - [UNNAMED] OCCUPYING CELL: by00305(102, 304)
w - [UNNAMED] MOVING IN DIRECTION: up
w - [UNNAMED] VACATING CELL: by00305(102, 304)
w - [UNNAMED] OCCUPYING CELL: by00306(102, 305)
w - [UNNAMED] MOVING IN DIRECTION: up
w - [UNNAMED] VACATING CELL: by00306(102, 305)
w - [UNNAMED] OCCUPYING CELL: by00307(102, 306)
w - [UNNAMED] MOVING IN DIRECTION: up
w - [UNNAMED] MOVING IN DIRECTION: up
w - [UNNAMED] VACATING CELL: by00307(102, 306)
w - [UNNAMED] OCCUPYING CELL: by00308(102, 307)
w - [UNNAMED] MOVING IN DIRECTION: up
w - [UNNAMED] VACATING CELL: by00308(102, 307)
w - [UNNAMED] OCCUPYING CELL: by00309(102, 308)
w - [UNNAMED] MOVING IN DIRECTION: up
w - [UNNAMED] VACATING CELL: by00309(102, 308)
w - [UNNAMED] OCCUPYING CELL: by00310(102, 309)
w - [UNNAMED] MOVING IN DIRECTION: up
w - [UNNAMED] VACATING CELL: by00310(102, 309)
w - [UNNAMED] OCCUPYING CELL: by00311(102, 310)
w - [UNNAMED] MOVING IN DIRECTION: up
w - [UNNAMED] MOVING IN DIRECTION: up
w - [UNNAMED] VACATING CELL: by00311(102, 310)
w - [UNNAMED] OCCUPYING CELL: by00312(102, 311)
w - [UNNAMED] MOVING IN DIRECTION: up
w - [UNNAMED] VACATING CELL: by00312(102, 311)
w - [UNNAMED] OCCUPYING CELL: by00313(102, 312)
w - [UNNAMED] MOVING IN DIRECTION: up
w - [UNNAMED] VACATING CELL: by00313(102, 312)
w - [UNNAMED] OCCUPYING CELL: by00314(102, 313)
w - [UNNAMED] MOVING IN DIRECTION: up
w - [UNNAMED] VACATING CELL: by00314(102, 313)
w - [UNNAMED] OCCUPYING CELL: by00315(102, 314)
w - [UNNAMED] MOVING IN DIRECTION: up
w - [UNNAMED] MOVING IN DIRECTION: right
w - [UNNAMED] MOVING IN DIRECTION: right
w - [UNNAMED] VACATING CELL: by00315(102, 314)
w - [UNNAMED] OCCUPYING CELL: bz00315(103, 314)
w - [UNNAMED] MOVING IN DIRECTION: right
w - [UNNAMED] VACATING CELL: bz00315(103, 314)
w - [UNNAMED] OCCUPYING CELL: ca00315(104, 314)
w - [UNNAMED] MOVING IN DIRECTION: right
w - [UNNAMED] VACATING CELL: ca00315(104, 314)
w - [UNNAMED] OCCUPYING CELL: cb00315(105, 314)
w - [UNNAMED] MOVING IN DIRECTION: right
w - [UNNAMED] VACATING CELL: cb00315(105, 314)
w - [UNNAMED] OCCUPYING CELL: cc00315(106, 314)
w - [UNNAMED] MOVING IN DIRECTION: right
w - [UNNAMED] MOVING IN DIRECTION: right
w - [UNNAMED] VACATING CELL: cc00315(106, 314)
w - [UNNAMED] OCCUPYING CELL: cd00315(107, 314)
w - [UNNAMED] MOVING IN DIRECTION: right
w - [UNNAMED] VACATING CELL: cd00315(107, 314)
w - [UNNAMED] OCCUPYING CELL: ce00315(108, 314)
w - [UNNAMED] MOVING IN DIRECTION: right
w - [UNNAMED] VACATING CELL: ce00315(108, 314)
w - [UNNAMED] OCCUPYING CELL: cf00315(109, 314)
w - [UNNAMED] MOVING IN DIRECTION: right
w - [UNNAMED] VACATING CELL: cf00315(109, 314)
w - [UNNAMED] OCCUPYING CELL: cg00315(110, 314)
w - [UNNAMED] MOVING IN DIRECTION: right
w - [UNNAMED] MOVING IN DIRECTION: right
w - [UNNAMED] VACATING CELL: cg00315(110, 314)
w - [UNNAMED] OCCUPYING CELL: ch00315(111, 314)
w - [UNNAMED] MOVING IN DIRECTION: right
w - [UNNAMED] VACATING CELL: ch00315(111, 314)
w - [UNNAMED] OCCUPYING CELL: ci00315(112, 314)
w - [UNNAMED] MOVING IN DIRECTION: right
w - [UNNAMED] VACATING CELL: ci00315(112, 314)
w - [UNNAMED] OCCUPYING CELL: cj00315(113, 314)
w - [UNNAMED] MOVING IN DIRECTION: right
w - [UNNAMED] VACATING CELL: cj00315(113, 314)
w - [UNNAMED] OCCUPYING CELL: ck00315(114, 314)
w - [UNNAMED] MOVING IN DIRECTION: right
w - Initializing grid entity [UNNAMED].
w - Instantiating logical entity UNNAMED.
w - [UNNAMED] Finding initial cell.
w - [UNNAMED] Initial cell: bt00328(97, 327)
w - [UNNAMED] Occupying init cell - bt00328.
w - [UNNAMED] MOVING IN DIRECTION: right
w - Initializing abstract entity class.
w - Initializing base entity class.
w - Initializing entity class.
w - Initializing logical entity class.
w - Initializing visual entity class.
w - Initializing abstract grid entity class.
w - Initializing abstract entity class.
w - Initializing base entity class.
w - Initializing entity class.
w - Initializing logical entity class.
w - Initializing visual entity class.
w - Initializing abstract grid entity class.
w - Initializing grid entity [UNNAMED].
w - Instantiating logical entity UNNAMED.
w - [UNNAMED] Finding initial cell.
w - [UNNAMED] Initial cell: oe00082(420, 81)
w - [UNNAMED] Occupying init cell - oe00082.
w - Initializing abstract entity class.
w - Initializing base entity class.
w - Initializing entity class.
w - Initializing logical entity class.
w - Initializing visual entity class.
w - Initializing abstract grid entity class.
w - Initializing grid entity [UNNAMED].
w - Instantiating logical entity UNNAMED.
w - [UNNAMED] Finding initial cell.
w - [UNNAMED] Initial cell: eq00051(172, 50)
w - [UNNAMED] Occupying init cell - eq00051.
w - Initializing abstract entity class.
w - Initializing base entity class.
w - Initializing entity class.
w - Initializing logical entity class.
w - Initializing visual entity class.
w - Initializing abstract grid entity class.
w - Initializing abstract entity class.
w - Initializing base entity class.
w - Initializing entity class.
w - Initializing logical entity class.
w - Initializing visual entity class.
w - Initializing abstract grid entity class.
w - Initializing abstract entity class.
w - Initializing base entity class.
w - Initializing entity class.
w - Initializing logical entity class.
w - Initializing visual entity class.
w - Initializing abstract grid entity class.
w - Initializing abstract entity class.
w - Initializing base entity class.
w - Initializing entity class.
w - Initializing logical entity class.
w - Initializing visual entity class.
w - Initializing abstract grid entity class.
w - Initializing grid entity [UNNAMED].
w - Instantiating logical entity UNNAMED.
w - [UNNAMED] Finding initial cell.
w - [UNNAMED] Initial cell: gk00066(218, 65)
w - [UNNAMED] Occupying init cell - gk00066.
w - Initializing abstract entity class.
w - Initializing base entity class.
w - Initializing entity class.
w - Initializing logical entity class.
w - Initializing visual entity class.
w - Initializing abstract grid entity class.
w - Initializing abstract entity class.
w - Initializing base entity class.
w - Initializing entity class.
w - Initializing logical entity class.
w - Initializing visual entity class.
w - Initializing abstract grid entity class.
w - Initializing grid entity [UNNAMED].
w - Instantiating logical entity UNNAMED.
w - [UNNAMED] Finding initial cell.
w - [UNNAMED] Initial cell: cn00950(117, 949)
w - [UNNAMED] Occupying init cell - cn00950.
w - Initializing abstract entity class.
w - Initializing base entity class.
w - Initializing entity class.
w - Initializing logical entity class.
w - Initializing visual entity class.
w - Initializing abstract grid entity class.
w - Initializing grid entity [UNNAMED].
w - Instantiating logical entity UNNAMED.
w - [UNNAMED] Finding initial cell.
w - [UNNAMED] Initial cell: rt00656(513, 655)
w - [UNNAMED] Occupying init cell - rt00656.
w - Initializing abstract entity class.
w - Initializing base entity class.
w - Initializing entity class.
w - Initializing logical entity class.
w - Initializing visual entity class.
w - Initializing abstract grid entity class.
w - Initializing grid entity [UNNAMED].
w - Instantiating logical entity UNNAMED.
w - [UNNAMED] Finding initial cell.
w - [UNNAMED] Initial cell: oe00029(420, 28)
w - [UNNAMED] Occupying init cell - oe00029.
w - Initializing abstract entity class.
w - Initializing base entity class.
w - Initializing entity class.
w - Initializing logical entity class.
w - Initializing visual entity class.
w - Initializing abstract grid entity class.
w - Initializing abstract entity class.
w - Initializing base entity class.
w - Initializing entity class.
w - Initializing logical entity class.
w - Initializing visual entity class.
w - Initializing abstract grid entity class.
w - Initializing grid entity [UNNAMED].
w - Instantiating logical entity UNNAMED.
w - [UNNAMED] Finding initial cell.
w - [UNNAMED] Initial cell: Hk00957(894, 956)
w - [UNNAMED] Occupying init cell - Hk00957.
w - Initializing abstract entity class.
w - Initializing base entity class.
w - Initializing entity class.
w - Initializing logical entity class.
w - Initializing visual entity class.
w - Initializing abstract grid entity class.
w - Initializing abstract entity class.
w - Initializing base entity class.
w - Initializing entity class.
w - Initializing logical entity class.
w - Initializing visual entity class.
w - Initializing abstract grid entity class.
w - Initializing abstract entity class.
w - Initializing base entity class.
w - Initializing entity class.
w - Initializing logical entity class.
w - Initializing visual entity class.
w - Initializing abstract grid entity class.
w - Initializing abstract entity class.
w - Initializing base entity class.
w - Initializing entity class.
w - Initializing logical entity class.
w - Initializing visual entity class.
w - Initializing abstract grid entity class.
w - Initializing abstract entity class.
w - Initializing base entity class.
w - Initializing entity class.
w - Initializing logical entity class.
w - Initializing visual entity class.
w - Initializing abstract grid entity class.
w - Initializing abstract entity class.
w - Initializing base entity class.
w - Initializing entity class.
w - Initializing logical entity class.
w - Initializing visual entity class.
w - Initializing abstract grid entity class.
w - Initializing abstract entity class.
w - Initializing base entity class.
w - Initializing entity class.
w - Initializing logical entity class.
w - Initializing visual entity class.
w - Initializing abstract grid entity class.
w - Initializing abstract entity class.
w - Initializing base entity class.
w - Initializing entity class.
w - Initializing logical entity class.
w - Initializing visual entity class.
w - Initializing abstract grid entity class.
w - Initializing abstract entity class.
w - Initializing base entity class.
w - Initializing entity class.
w - Initializing logical entity class.
w - Initializing visual entity class.
w - Initializing abstract grid entity class.
w - Initializing grid entity [UNNAMED].
w - Instantiating logical entity UNNAMED.
w - [UNNAMED] Finding initial cell.
w - [UNNAMED] Initial cell: kr00094(329, 93)
w - [UNNAMED] Occupying init cell - kr00094.
w - Initializing abstract entity class.
w - Initializing base entity class.
w - Initializing entity class.
w - Initializing logical entity class.
w - Initializing visual entity class.
w - Initializing abstract grid entity class.
w - Initializing grid entity [UNNAMED].
w - Instantiating logical entity UNNAMED.
w - [UNNAMED] Finding initial cell.
w - [UNNAMED] Initial cell: qq00448(484, 447)
w - [UNNAMED] Occupying init cell - qq00448.
w - Initializing abstract entity class.
w - Initializing base entity class.
w - Initializing entity class.
w - Initializing logical entity class.
w - Initializing visual entity class.
w - Initializing abstract grid entity class.
w - Initializing grid entity [UNNAMED].
w - Instantiating logical entity UNNAMED.
w - [UNNAMED] Finding initial cell.
w - [UNNAMED] Initial cell: eo00176(170, 175)
w - [UNNAMED] Occupying init cell - eo00176.
w - Initializing grid entity [UNNAMED].
w - Instantiating logical entity UNNAMED.
w - [UNNAMED] Finding initial cell.
w - [UNNAMED] Initial cell: lq00043(354, 42)
w - [UNNAMED] Occupying init cell - lq00043.
w - Initializing grid entity [UNNAMED].
w - Instantiating logical entity UNNAMED.
w - [UNNAMED] Finding initial cell.
w - [UNNAMED] Initial cell: nm00132(402, 131)
w - [UNNAMED] Occupying init cell - nm00132.
w - Initializing grid entity [UNNAMED].
w - Instantiating logical entity UNNAMED.
w - [UNNAMED] Finding initial cell.
w - [UNNAMED] Initial cell: hn00198(247, 197)
w - [UNNAMED] Occupying init cell - hn00198.
w - Initializing abstract entity class.
w - Initializing base entity class.
w - Initializing entity class.
w - Initializing logical entity class.
w - Initializing visual entity class.
w - Initializing abstract grid entity class.
w - Initializing abstract entity class.
w - Initializing base entity class.
w - Initializing entity class.
w - Initializing logical entity class.
w - Initializing visual entity class.
w - Initializing abstract grid entity class.
w - Initializing grid entity [UNNAMED].
w - Instantiating logical entity UNNAMED.
w - [UNNAMED] Finding initial cell.
w - [UNNAMED] Initial cell: in00295(273, 294)
w - [UNNAMED] Occupying init cell - in00295.
w - Initializing grid entity [UNNAMED].
w - Instantiating logical entity UNNAMED.
w - [UNNAMED] Finding initial cell.
w - [UNNAMED] Initial cell: fk00192(192, 191)
w - [UNNAMED] Occupying init cell - fk00192.
w - Initializing grid entity [UNNAMED].
w - Instantiating logical entity UNNAMED.
w - [UNNAMED] Finding initial cell.
w - [UNNAMED] Initial cell: li00297(346, 296)
w - [UNNAMED] Occupying init cell - li00297.
w - Initializing grid entity [UNNAMED].
w - Instantiating logical entity UNNAMED.
w - [UNNAMED] Finding initial cell.
w - [UNNAMED] Initial cell: li00043(346, 42)
w - [UNNAMED] Occupying init cell - li00043.
w - Initializing grid entity [UNNAMED].
w - Instantiating logical entity UNNAMED.
w - [UNNAMED] Finding initial cell.
w - [UNNAMED] Initial cell: pk00449(452, 448)
w - [UNNAMED] Occupying init cell - pk00449.
w - Initializing grid entity [UNNAMED].
w - Instantiating logical entity UNNAMED.
w - [UNNAMED] Finding initial cell.
w - [UNNAMED] Initial cell: gq00323(224, 322)
w - [UNNAMED] Occupying init cell - gq00323.
w - Initializing grid entity [UNNAMED].
w - Instantiating logical entity UNNAMED.
w - [UNNAMED] Finding initial cell.
w - [UNNAMED] Initial cell: ao00185(66, 184)
w - [UNNAMED] Occupying init cell - ao00185.
w - Initializing abstract entity class.
w - Initializing base entity class.
w - Initializing entity class.
w - Initializing logical entity class.
w - Initializing visual entity class.
w - Initializing abstract grid entity class.
w - Initializing grid entity [UNNAMED].
w - Instantiating logical entity UNNAMED.
w - [UNNAMED] Finding initial cell.
w - [UNNAMED] Initial cell: dt00230(149, 229)
w - [UNNAMED] Occupying init cell - dt00230.
w - Initializing grid entity [UNNAMED].
w - Instantiating logical entity UNNAMED.
w - [UNNAMED] Finding initial cell.
w - [UNNAMED] Initial cell: hk00346(244, 345)
w - [UNNAMED] Occupying init cell - hk00346.
w - Initializing abstract entity class.
w - Initializing base entity class.
w - Initializing entity class.
w - Initializing logical entity class.
w - Initializing visual entity class.
w - Initializing abstract grid entity class.
w - Initializing grid entity [UNNAMED].
w - Instantiating logical entity UNNAMED.
w - [UNNAMED] Finding initial cell.
w - [UNNAMED] Initial cell: U00076(46, 75)
w - [UNNAMED] Occupying init cell - U00076.
w - Initializing grid entity [UNNAMED].
w - Instantiating logical entity UNNAMED.
w - [UNNAMED] Finding initial cell.
w - [UNNAMED] Initial cell: hr00467(251, 466)
w - [UNNAMED] Occupying init cell - hr00467.
w - Initializing grid entity [UNNAMED].
w - Instantiating logical entity UNNAMED.
w - [UNNAMED] Finding initial cell.
w - [UNNAMED] Initial cell: na00135(390, 134)
w - [UNNAMED] Occupying init cell - na00135.
w - Initializing grid entity [UNNAMED].
w - Instantiating logical entity UNNAMED.
w - [UNNAMED] Finding initial cell.
w - [UNNAMED] Initial cell: df00429(135, 428)
w - [UNNAMED] Occupying init cell - df00429.
w - Initializing grid entity [UNNAMED].
w - Instantiating logical entity UNNAMED.
w - [UNNAMED] Finding initial cell.
w - [UNNAMED] Initial cell: X00183(49, 182)
w - [UNNAMED] Occupying init cell - X00183.
w - Initializing grid entity [UNNAMED].
w - Instantiating logical entity UNNAMED.
w - [UNNAMED] Finding initial cell.
w - [UNNAMED] Initial cell: jj00219(295, 218)
w - [UNNAMED] Occupying init cell - jj00219.
w - Initializing grid entity [UNNAMED].
w - Instantiating logical entity UNNAMED.
w - [UNNAMED] Finding initial cell.
w - [UNNAMED] Initial cell: qq00424(484, 423)
w - [UNNAMED] Occupying init cell - qq00424.
w - Initializing abstract entity class.
w - Initializing base entity class.
w - Initializing entity class.
w - Initializing logical entity class.
w - Initializing visual entity class.
w - Initializing abstract grid entity class.
w - Initializing grid entity [UNNAMED].
w - Instantiating logical entity UNNAMED.
w - [UNNAMED] Finding initial cell.
w - [UNNAMED] Initial cell: bv00127(99, 126)
w - [UNNAMED] Occupying init cell - bv00127.
w - [UNNAMED] SETTING PATH TO: ht00235(253, 234) FROM: bv00127(99, 126) DISTANCE: 188
w - [UNNAMED] MOVING IN DIRECTION: up_right
w - [UNNAMED] VACATING CELL: bv00127(99, 126)
w - [UNNAMED] OCCUPYING CELL: bw00128(100, 127)
w - Initializing abstract entity class.
w - Initializing base entity class.
w - Initializing entity class.
w - Initializing logical entity class.
w - Initializing visual entity class.
w - Instantiating logical entity None.
w - Initializing abstract entity class.
w - Initializing base entity class.
w - Initializing entity class.
w - Initializing logical entity class.
w - Initializing visual entity class.
w - Instantiating logical entity UNNAMED.
w - Initializing abstract entity class.
w - Initializing base entity class.
w - Initializing entity class.
w - Initializing logical entity class.
w - Initializing visual entity class.
w - Instantiating logical entity UNNAMED.
w - Initializing abstract entity class.
w - Initializing base entity class.
w - Initializing entity class.
w - Initializing logical entity class.
w - Initializing visual entity class.
w - Instantiating logical entity UNNAMED.
w - Initializing abstract entity class.
w - Initializing base entity class.
w - Initializing entity class.
w - Initializing logical entity class.
w - Initializing visual entity class.
w - Instantiating logical entity UNNAMED.
w - Initializing abstract entity class.
w - Initializing base entity class.
w - Initializing entity class.
w - Initializing logical entity class.
w - Initializing visual entity class.
w - Instantiating logical entity UNNAMED.
w - Initializing abstract entity class.
w - Initializing base entity class.
w - Initializing entity class.
w - Initializing logical entity class.
w - Initializing visual entity class.
w - Instantiating logical entity UNNAMED.
w - Instantiating logical entity UNNAMED.
w - Initializing abstract entity class.
w - Initializing base entity class.
w - Initializing entity class.
w - Initializing logical entity class.
w - Initializing visual entity class.
w - Initializing abstract entity class.
w - Initializing base entity class.
w - Initializing entity class.
w - Initializing logical entity class.
w - Initializing visual entity class.
w - Instantiating logical entity UNNAMED.
w - Initializing abstract entity class.
w - Initializing base entity class.
w - Initializing entity class.
w - Initializing logical entity class.
w - Initializing visual entity class.
w - Instantiating logical entity UNNAMED.
w - Initializing abstract entity class.
w - Initializing base entity class.
w - Initializing entity class.
w - Initializing logical entity class.
w - Initializing visual entity class.
w - Instantiating logical entity UNNAMED.
w - Initializing abstract entity class.
w - Initializing base entity class.
w - Initializing entity class.
w - Initializing logical entity class.
w - Initializing visual entity class.
w - Instantiating logical entity UNNAMED.
w - Initializing abstract entity class.
w - Initializing base entity class.
w - Initializing entity class.
w - Initializing logical entity class.
w - Initializing visual entity class.
w - Instantiating logical entity UNNAMED.
w - Initializing abstract entity class.
w - Initializing base entity class.
w - Initializing entity class.
w - Initializing logical entity class.
w - Initializing visual entity class.
w - Instantiating logical entity UNNAMED.
w - Initializing abstract entity class.
w - Initializing base entity class.
w - Initializing entity class.
w - Initializing logical entity class.
w - Initializing visual entity class.
w - Instantiating logical entity UNNAMED.
w - Initializing abstract entity class.
w - Initializing base entity class.
w - Initializing entity class.
w - Initializing logical entity class.
w - Initializing visual entity class.
w - Instantiating logical entity UNNAMED.
w - Initializing abstract entity class.
w - Initializing base entity class.
w - Initializing entity class.
w - Initializing logical entity class.
w - Initializing visual entity class.
w - Instantiating logical entity UNNAMED.
w - Initializing abstract entity class.
w - Initializing base entity class.
w - Initializing entity class.
w - Initializing logical entity class.
w - Initializing visual entity class.
w - Instantiating logical entity UNNAMED.
w - Initializing abstract entity class.
w - Initializing base entity class.
w - Initializing entity class.
w - Initializing logical entity class.
w - Initializing visual entity class.
w - Instantiating logical entity UNNAMED.
w - Initializing abstract entity class.
w - Initializing base entity class.
w - Initializing entity class.
w - Initializing logical entity class.
w - Initializing visual entity class.
w - Instantiating logical entity UNNAMED.
w - Initializing abstract entity class.
w - Initializing base entity class.
w - Initializing entity class.
w - Initializing logical entity class.
w - Initializing visual entity class.
w - Instantiating logical entity UNNAMED.
w - Initializing abstract entity class.
w - Initializing base entity class.
w - Initializing entity class.
w - Initializing logical entity class.
w - Initializing visual entity class.
w - Instantiating logical entity UNNAMED.
w - Initializing abstract entity class.
w - Initializing base entity class.
w - Initializing entity class.
w - Initializing logical entity class.
w - Initializing visual entity class.
w - Instantiating logical entity UNNAMED.
w - Initializing abstract entity class.
w - Initializing base entity class.
w - Initializing entity class.
w - Initializing logical entity class.
w - Initializing visual entity class.
w - Instantiating logical entity UNNAMED.
w - Initializing abstract entity class.
w - Initializing base entity class.
w - Initializing entity class.
w - Initializing logical entity class.
w - Initializing visual entity class.
w - Instantiating logical entity UNNAMED.
w - Initializing abstract entity class.
w - Initializing base entity class.
w - Initializing entity class.
w - Initializing logical entity class.
w - Initializing visual entity class.
w - Instantiating logical entity UNNAMED.
w - Initializing abstract entity class.
w - Initializing base entity class.
w - Initializing entity class.
w - Initializing logical entity class.
w - Initializing visual entity class.
w - Instantiating logical entity UNNAMED.
w - Initializing abstract entity class.
w - Initializing base entity class.
w - Initializing entity class.
w - Initializing logical entity class.
w - Initializing visual entity class.
w - Instantiating logical entity UNNAMED.
w - Initializing abstract entity class.
w - Initializing base entity class.
w - Initializing entity class.
w - Initializing logical entity class.
w - Initializing visual entity class.
w - Instantiating logical entity UNNAMED.
w - Initializing abstract entity class.
w - Initializing base entity class.
w - Initializing entity class.
w - Initializing logical entity class.
w - Initializing visual entity class.
w - Instantiating logical entity UNNAMED.
w - Initializing abstract entity class.
w - Initializing base entity class.
w - Initializing entity class.
w - Initializing logical entity class.
w - Initializing visual entity class.
w - Instantiating logical entity UNNAMED.
w - Initializing abstract entity class.
w - Initializing base entity class.
w - Initializing entity class.
w - Initializing logical entity class.
w - Initializing visual entity class.
w - Instantiating logical entity UNNAMED.
w - Initializing abstract entity class.
w - Initializing base entity class.
w - Initializing entity class.
w - Initializing logical entity class.
w - Initializing visual entity class.
w - Instantiating logical entity UNNAMED.
w - Initializing abstract entity class.
w - Initializing base entity class.
w - Initializing entity class.
w - Initializing logical entity class.
w - Initializing visual entity class.
w - Initializing abstract entity class.
w - Initializing base entity class.
w - Initializing entity class.
w - Initializing logical entity class.
w - Initializing visual entity class.
w - Instantiating logical entity UNNAMED.
w - Initializing abstract entity class.
w - Initializing base entity class.
w - Initializing entity class.
w - Initializing logical entity class.
w - Initializing visual entity class.
w - Instantiating logical entity UNNAMED.
w - Initializing abstract entity class.
w - Initializing base entity class.
w - Initializing entity class.
w - Initializing logical entity class.
w - Initializing visual entity class.
w - Instantiating logical entity UNNAMED.
w - Initializing abstract entity class.
w - Initializing base entity class.
w - Initializing entity class.
w - Initializing logical entity class.
w - Initializing visual entity class.
w - Initializing abstract entity class.
w - Initializing base entity class.
w - Initializing entity class.
w - Initializing logical entity class.
w - Initializing visual entity class.
w - Instantiating logical entity UNNAMED.
w - Initializing abstract entity class.
w - Initializing base entity class.
w - Initializing entity class.
w - Initializing logical entity class.
w - Initializing visual entity class.
w - Instantiating logical entity UNNAMED.
