2023-10-31 17:24:24,365 - GRIDENGINE - __log__ - Setting saves directory ...
2023-10-31 17:24:24,366 - GRIDENGINE - __log__ - Saves directory set to /devel/boss/envs/chargrid/grid_engine/_saves/
2023-10-31 17:24:28,463 - GRIDENGINE - __log__ - process_grid(int)
2023-10-31 17:24:28,463 - GRIDENGINE - __log__ - get_row_strings(int)
2023-10-31 17:24:28,463 - GRIDENGINE - __log__ - generate_row_strings(int)
2023-10-31 17:24:28,467 - GRIDENGINE - __log__ - get_column_strings(int)
2023-10-31 17:24:28,467 - GRIDENGINE - __log__ - generate_column_strings(int)
2023-10-31 17:24:28,467 - GRIDENGINE - __log__ - get_cell_strings(list)
2023-10-31 17:24:28,467 - GRIDENGINE - __log__ - generate_cell_strings(list)
2023-10-31 17:24:28,484 - GRIDENGINE - __log__ - get_cell_coordinates(int)
2023-10-31 17:24:28,580 - GRIDENGINE - __log__ - get_grid_dict(list)
2023-10-31 17:24:34,134 - GRIDENGINE - __log__ - process_grid(int)
2023-10-31 17:24:34,134 - GRIDENGINE - __log__ - get_row_strings(int)
2023-10-31 17:24:34,134 - GRIDENGINE - __log__ - generate_row_strings(int)
2023-10-31 17:24:34,138 - GRIDENGINE - __log__ - get_column_strings(int)
2023-10-31 17:24:34,138 - GRIDENGINE - __log__ - generate_column_strings(int)
2023-10-31 17:24:34,138 - GRIDENGINE - __log__ - get_cell_strings(list)
2023-10-31 17:24:34,138 - GRIDENGINE - __log__ - generate_cell_strings(list)
2023-10-31 17:24:34,154 - GRIDENGINE - __log__ - get_cell_coordinates(int)
2023-10-31 17:24:34,240 - GRIDENGINE - __log__ - get_grid_dict(list)
2023-10-31 17:24:37,246 - GRIDENGINE - __log__ - generate_quadrant_coordinates(int)
2023-10-31 17:24:37,247 - GRIDENGINE - __log__ - get_quadrant_indices(list)
2023-10-31 17:24:37,392 - GRIDENGINE - __log__ - generate_adjacency(dict)
2023-10-31 17:24:39,507 - GRIDENGINE - __log__ - _init_terrain(TerrainGridBlueprint)
2023-10-31 17:24:40,892 - GRIDENGINE - __log__ - _set_base_terrain(TerrainGridBlueprint)
2023-10-31 17:24:41,118 - GRIDENGINE - __log__ - _adjust_passability(TerrainGridBlueprint)
2023-10-31 17:24:49,985 - GRIDENGINE - __log__ - set_rivers(Terraformer)
2023-10-31 17:24:49,985 - GRIDENGINE - __log__ - generate_realistic_river(Terraformer)
2023-10-31 17:24:49,985 - GRIDENGINE - __log__ - get_river_by_walk(Terraformer)
2023-10-31 17:24:49,988 - GRIDENGINE - __log__ - expand_river_path(Terraformer)
2023-10-31 17:24:50,017 - GRIDENGINE - __log__ - generate_realistic_river(Terraformer)
2023-10-31 17:24:50,017 - GRIDENGINE - __log__ - get_river_by_walk(Terraformer)
2023-10-31 17:24:50,022 - GRIDENGINE - __log__ - expand_river_path(Terraformer)
2023-10-31 17:24:50,093 - GRIDENGINE - __log__ - get_river_banks(Terraformer)
2023-10-31 17:24:50,113 - GRIDENGINE - __log__ - expand_riverbanks(Terraformer)
2023-10-31 17:24:50,169 - GRIDENGINE - __log__ - random_cell(Grid)
