2023-11-05 04:14:26,919 - base_actor: BaseActor: Initializing BaseActor class.
2023-11-05 04:14:26,938 - base_actor: BaseCharacter: Initializing BaseCharacter class.
2023-11-05 04:14:26,949 - Initializing CharActor.
2023-11-05 04:14:26,957 - Initializing character bank.
2023-11-05 04:14:26,964 - Initializing catalogues.
2023-11-05 04:14:26,971 - Creating catalogue instance.
2023-11-05 04:14:46,934 - actor: create: Creating character: char1
2023-11-05 04:14:46,935 - actor: create: No details provided. Creating random character.
2023-11-05 04:14:46,936 - base_actor: _initialize: Initializing BaseActor instance.
2023-11-05 04:14:46,938 - base_actor: _add_role: Role set to Fighter
2023-11-05 04:14:46,939 - base_actor: _add_race: Adding race: Elf
2023-11-05 04:14:46,940 - base_actor: _add_race: Set race to Elf
2023-11-05 04:14:46,942 - base_actor: _add_alignment: Adding alignment: chaotic_evil
2023-11-05 04:14:46,943 - base_actor: _add_background: Set background to Custom
2023-11-05 04:14:46,945 - base_actor: _init_ability_scores: Ability scores rolled: [17, 17, 17, 16, 15, 14]
2023-11-05 04:14:46,946 - base_actor: _add_abilities: Abilities set to {'Strength': STR: 17 (+3), 'Dexterity': DEX: 16 (+3), 'Constitution': CON: 17 (+3), 'Intelligence': INT: 15 (+2), 'Wisdom': WIS: 16 (+3), 'Charisma': CHA: 17 (+3)}
2023-11-05 04:14:46,948 - base_actor: _add_skills: Adding skills.
2023-11-05 04:14:46,949 - base_actor: _init_skill_points: Available skill points set to 6
2023-11-05 04:14:46,951 - base_actor: _init_hp: Initial health points set to 13
2023-11-05 04:14:46,952 - base_actor: _determine_saves_and_initiative: Determining saving throws and initiative.
2023-11-05 04:14:46,953 - base_actor: _determine_saves_and_initiative: Fortitude save bonus set to 3
2023-11-05 04:14:46,955 - base_actor: _determine_saves_and_initiative: Reflex save bonus set to 3
2023-11-05 04:14:46,956 - base_actor: _determine_saves_and_initiative: Will save bonus set to 3
2023-11-05 04:14:46,958 - base_actor: _determine_saves_and_initiative: Initiative set to 3
2023-11-05 04:14:46,959 - base_actor: _set_age: No age provided. Rolling for age.
2023-11-05 04:14:46,960 - base_actor: _set_age: Age set to 735
2023-11-05 04:14:46,962 - base_actor: _init_inventory: Initializing inventory.
2023-11-05 04:14:46,963 - base_actor: _init_inventory: Adding starting equipment: ['Leather Armor', 'Longsword', 'Waterskin', 'Backpack']
